###############################################################################
#
# IAR ELF Linker V8.22.1.15669/W32 for ARM                17/Jan/2019  14:38:02
# Copyright 2007-2018 IAR Systems AB.
#
#    Output file  =  
#        C:\Users\Third\Desktop\New Folder\407ve\EWARM\407ve\Exe\407ve.out
#    Map file     =  
#        C:\Users\Third\Desktop\New Folder\407ve\EWARM\407ve\List\407ve.map
#    Command line =  
#        -f C:\Users\Third\AppData\Local\Temp\EW1432.tmp
#        ("C:\Users\Third\Desktop\New Folder\407ve\EWARM\407ve\Obj\main.o"
#        "C:\Users\Third\Desktop\New
#        Folder\407ve\EWARM\407ve\Obj\startup_stm32f407xx.o"
#        "C:\Users\Third\Desktop\New
#        Folder\407ve\EWARM\407ve\Obj\stm32f4xx_hal.o"
#        "C:\Users\Third\Desktop\New
#        Folder\407ve\EWARM\407ve\Obj\stm32f4xx_hal_cortex.o"
#        "C:\Users\Third\Desktop\New
#        Folder\407ve\EWARM\407ve\Obj\stm32f4xx_hal_dma.o"
#        "C:\Users\Third\Desktop\New
#        Folder\407ve\EWARM\407ve\Obj\stm32f4xx_hal_dma_ex.o"
#        "C:\Users\Third\Desktop\New
#        Folder\407ve\EWARM\407ve\Obj\stm32f4xx_hal_flash.o"
#        "C:\Users\Third\Desktop\New
#        Folder\407ve\EWARM\407ve\Obj\stm32f4xx_hal_flash_ex.o"
#        "C:\Users\Third\Desktop\New
#        Folder\407ve\EWARM\407ve\Obj\stm32f4xx_hal_flash_ramfunc.o"
#        "C:\Users\Third\Desktop\New
#        Folder\407ve\EWARM\407ve\Obj\stm32f4xx_hal_gpio.o"
#        "C:\Users\Third\Desktop\New
#        Folder\407ve\EWARM\407ve\Obj\stm32f4xx_hal_msp.o"
#        "C:\Users\Third\Desktop\New
#        Folder\407ve\EWARM\407ve\Obj\stm32f4xx_hal_pwr.o"
#        "C:\Users\Third\Desktop\New
#        Folder\407ve\EWARM\407ve\Obj\stm32f4xx_hal_pwr_ex.o"
#        "C:\Users\Third\Desktop\New
#        Folder\407ve\EWARM\407ve\Obj\stm32f4xx_hal_rcc.o"
#        "C:\Users\Third\Desktop\New
#        Folder\407ve\EWARM\407ve\Obj\stm32f4xx_hal_rcc_ex.o"
#        "C:\Users\Third\Desktop\New
#        Folder\407ve\EWARM\407ve\Obj\stm32f4xx_hal_sd.o"
#        "C:\Users\Third\Desktop\New
#        Folder\407ve\EWARM\407ve\Obj\stm32f4xx_hal_spi.o"
#        "C:\Users\Third\Desktop\New
#        Folder\407ve\EWARM\407ve\Obj\stm32f4xx_hal_tim.o"
#        "C:\Users\Third\Desktop\New
#        Folder\407ve\EWARM\407ve\Obj\stm32f4xx_hal_tim_ex.o"
#        "C:\Users\Third\Desktop\New
#        Folder\407ve\EWARM\407ve\Obj\stm32f4xx_hal_uart.o"
#        "C:\Users\Third\Desktop\New
#        Folder\407ve\EWARM\407ve\Obj\stm32f4xx_it.o"
#        "C:\Users\Third\Desktop\New
#        Folder\407ve\EWARM\407ve\Obj\stm32f4xx_ll_sdmmc.o"
#        "C:\Users\Third\Desktop\New
#        Folder\407ve\EWARM\407ve\Obj\system_stm32f4xx.o" --redirect
#        _Printf=_PrintfFull --redirect _Scanf=_ScanfFull -o
#        "C:\Users\Third\Desktop\New Folder\407ve\EWARM\407ve\Exe\407ve.out"
#        --map "C:\Users\Third\Desktop\New
#        Folder\407ve\EWARM\407ve\List\407ve.map" --config
#        "C:\Users\Third\Desktop\New Folder\407ve\EWARM/stm32f407xx_flash.icf"
#        --semihosting --entry __iar_program_start --vfe --text_out locale)
#
###############################################################################

*******************************************************************************
*** RUNTIME MODEL ATTRIBUTES
***

CppFlavor       = *
__SystemLibrary = DLib
__dlib_version  = 6


*******************************************************************************
*** HEAP SELECTION
***

The basic heap was selected because no calls to memory allocation
functions were found in the application outside of system library
functions, and there are calls to deallocation functions in the
application.


*******************************************************************************
*** PLACEMENT SUMMARY
***

"A0":  place at 0x08000000 { ro section .intvec };
"P1":  place in [from 0x08000000 to 0x080fffff] { ro };
define block CSTACK with size = 1K, alignment = 8 { };
define block HEAP with size = 512, alignment = 8 { };
"P2":  place in [from 0x20000000 to 0x2001ffff] {
          rw, block CSTACK, block HEAP };
initialize by copy { rw };

  Section            Kind        Address    Size  Object
  -------            ----        -------    ----  ------
"A0":                                      0x188
  .intvec            ro code  0x08000000   0x188  startup_stm32f407xx.o [1]
                            - 0x08000188   0x188

"P1":                                     0x481d
  .text              ro code  0x08000188   0xf96  xprintffull.o [3]
  .text              ro code  0x0800111e    0x1e  xencoding_8859_1.o [3]
  .text              ro code  0x0800113c    0x74  xlocale_c.o [3]
  .text              ro code  0x080011b0    0x16  strchr.o [5]
  .text              ro code  0x080011c6     0xa  xsprout.o [3]
  .text              ro code  0x080011d0    0x40  xfail_s.o [3]
  .text              ro code  0x08001210    0x36  strlen.o [5]
  .text              ro code  0x08001248    0x58  memchr.o [5]
  .text              ro code  0x080012a0     0xa  xmbcurmax.o [3]
  .text              ro code  0x080012ac    0xa6  ABImemcpy.o [5]
  .text              ro code  0x08001354   0x22e  I64DivMod.o [5]
  .text              ro code  0x08001584   0x1a2  DblMul.o [4]
  .text              ro code  0x08001728    0x70  frexp.o [4]
  .text              ro code  0x08001798    0x2e  DblCmpLe.o [4]
  .text              ro code  0x080017c8    0x2e  DblCmpGe.o [4]
  .text              ro code  0x080017f8   0x13a  ldexp.o [4]
  .text              ro code  0x08001934    0x3a  DblToS32.o [4]
  .text              ro code  0x08001970    0x22  S32ToDbl.o [4]
  .text              ro code  0x08001994    0xe2  DblSub.o [4]
  .text              ro code  0x08001a78   0x246  DblDiv.o [4]
  .text              ro code  0x08001cc0    0x28  DblToU32.o [4]
  .text              ro code  0x08001ce8    0x1a  U32ToDbl.o [4]
  .text              ro code  0x08001d02     0x6  abort.o [3]
  .text              ro code  0x08001d08     0x2  I64DivZer.o [5]
  .text              ro code  0x08001d0c   0x168  DblAdd.o [4]
  .text              ro code  0x08001e74    0x14  exit.o [6]
  .text              ro code  0x08001e88   0x868  stm32f4xx_hal_sd.o [1]
  .text              ro code  0x080026f0   0x33c  stm32f4xx_hal_msp.o [1]
  .text              ro code  0x08002a2c   0x4d4  stm32f4xx_ll_sdmmc.o [1]
  .text              ro code  0x08002f00    0x28  stm32f4xx_hal.o [1]
  .text              ro code  0x08002f28     0x2  stm32f4xx_hal_sd.o [1]
  .text              ro code  0x08002f2a     0x2  stm32f4xx_hal_sd.o [1]
  .text              ro code  0x08002f2c     0x2  stm32f4xx_hal_sd.o [1]
  .text              ro code  0x08002f2e     0x2  stm32f4xx_hal_sd.o [1]
  .text              ro code  0x08002f30   0x378  stm32f4xx_hal_dma.o [1]
  .text              ro code  0x080032a8     0xc  stm32f4xx_hal.o [1]
  .text              ro code  0x080032b4   0x1e0  stm32f4xx_hal_gpio.o [1]
  .text              ro code  0x08003494   0x3b4  main.o [1]
  .text              ro code  0x08003848    0xc8  stm32f4xx_hal_cortex.o [1]
  .text              ro code  0x08003910     0x6  ABImemclr4.o [5]
  .text              ro code  0x08003918   0x5e6  stm32f4xx_hal_uart.o [1]
  .text              ro code  0x08003f00   0x1a0  stm32f4xx_hal_rcc.o [1]
  .text              ro code  0x080040a0    0x40  sprintf.o [3]
  .text              ro code  0x080040e0    0x34  stm32f4xx_hal.o [1]
  .text              ro code  0x08004114   0x184  stm32f4xx_hal_spi.o [1]
  .text              ro code  0x08004298   0x2f0  stm32f4xx_hal_rcc.o [1]
  .text              ro code  0x08004588    0x32  ABImemset48.o [5]
  .text              ro code  0x080045ba     0x2  stm32f4xx_hal_uart.o [1]
  .text              ro code  0x080045bc     0x2  stm32f4xx_hal_uart.o [1]
  .text              ro code  0x080045be     0x2  stm32f4xx_hal_uart.o [1]
  .text              ro code  0x080045c0    0x40  stm32f4xx_hal.o [1]
  .text              ro code  0x08004600     0x2  stm32f4xx_hal_spi.o [1]
  .text              ro code  0x08004604    0x70  stm32f4xx_it.o [1]
  .text              ro code  0x08004674    0x10  stm32f4xx_hal.o [1]
  .text              ro code  0x08004684    0x60  system_stm32f4xx.o [1]
  .text              ro code  0x080046e4    0x40  zero_init3.o [5]
  .text              ro code  0x08004724    0x38  packbits_init_single.o [5]
  .text              ro code  0x0800475c    0x28  data_init.o [5]
  .text              ro code  0x08004784    0x22  fpinit_M.o [4]
  .iar.init_table    const    0x080047a8    0x20  - Linker created -
  .text              ro code  0x080047c8    0x1e  cmain.o [5]
  .text              ro code  0x080047e6     0x4  low_level_init.o [3]
  .text              ro code  0x080047ea     0x4  exit.o [3]
  .text              ro code  0x080047f0     0xa  cexit.o [5]
  .text              ro code  0x080047fc    0x10  startup_stm32f407xx.o [1]
  .text              ro code  0x0800480c     0xc  cstartup_M.o [5]
  .rodata            const    0x08004818     0x8  system_stm32f4xx.o [1]
  .rodata            const    0x08004820     0x6  xlocale_c.o [3]
  .text              ro code  0x08004826     0x4  startup_stm32f407xx.o [1]
  .text              ro code  0x0800482a     0x4  startup_stm32f407xx.o [1]
  .text              ro code  0x0800482e     0x4  startup_stm32f407xx.o [1]
  .text              ro code  0x08004832     0x4  startup_stm32f407xx.o [1]
  .text              ro code  0x08004836     0x4  startup_stm32f407xx.o [1]
  .text              ro code  0x0800483a     0x4  startup_stm32f407xx.o [1]
  .text              ro code  0x0800483e     0x4  startup_stm32f407xx.o [1]
  .text              ro code  0x08004842     0x4  startup_stm32f407xx.o [1]
  .text              ro code  0x08004846     0x4  startup_stm32f407xx.o [1]
  .text              ro code  0x0800484a     0x4  startup_stm32f407xx.o [1]
  .text              ro code  0x0800484e     0x4  startup_stm32f407xx.o [1]
  .text              ro code  0x08004852     0x4  startup_stm32f407xx.o [1]
  .text              ro code  0x08004856     0x4  startup_stm32f407xx.o [1]
  .text              ro code  0x0800485a     0x4  startup_stm32f407xx.o [1]
  .text              ro code  0x0800485e     0x4  startup_stm32f407xx.o [1]
  .text              ro code  0x08004862     0x4  startup_stm32f407xx.o [1]
  .text              ro code  0x08004866     0x4  startup_stm32f407xx.o [1]
  .text              ro code  0x0800486a     0x4  startup_stm32f407xx.o [1]
  .text              ro code  0x0800486e     0x4  startup_stm32f407xx.o [1]
  .text              ro code  0x08004872     0x4  startup_stm32f407xx.o [1]
  .text              ro code  0x08004876     0x4  startup_stm32f407xx.o [1]
  .text              ro code  0x0800487a     0x4  startup_stm32f407xx.o [1]
  .text              ro code  0x0800487e     0x4  startup_stm32f407xx.o [1]
  .text              ro code  0x08004882     0x4  startup_stm32f407xx.o [1]
  .text              ro code  0x08004886     0x4  startup_stm32f407xx.o [1]
  .text              ro code  0x0800488a     0x4  startup_stm32f407xx.o [1]
  .text              ro code  0x0800488e     0x4  startup_stm32f407xx.o [1]
  .text              ro code  0x08004892     0x4  startup_stm32f407xx.o [1]
  .text              ro code  0x08004896     0x4  startup_stm32f407xx.o [1]
  .text              ro code  0x0800489a     0x4  startup_stm32f407xx.o [1]
  .text              ro code  0x0800489e     0x4  startup_stm32f407xx.o [1]
  .text              ro code  0x080048a2     0x4  startup_stm32f407xx.o [1]
  .text              ro code  0x080048a6     0x4  startup_stm32f407xx.o [1]
  .text              ro code  0x080048aa     0x4  startup_stm32f407xx.o [1]
  .text              ro code  0x080048ae     0x4  startup_stm32f407xx.o [1]
  .text              ro code  0x080048b2     0x4  startup_stm32f407xx.o [1]
  .text              ro code  0x080048b6     0x4  startup_stm32f407xx.o [1]
  .text              ro code  0x080048ba     0x4  startup_stm32f407xx.o [1]
  .text              ro code  0x080048be     0x4  startup_stm32f407xx.o [1]
  .text              ro code  0x080048c2     0x4  startup_stm32f407xx.o [1]
  .text              ro code  0x080048c6     0x4  startup_stm32f407xx.o [1]
  .text              ro code  0x080048ca     0x4  startup_stm32f407xx.o [1]
  .text              ro code  0x080048ce     0x4  startup_stm32f407xx.o [1]
  .text              ro code  0x080048d2     0x4  startup_stm32f407xx.o [1]
  .text              ro code  0x080048d6     0x4  startup_stm32f407xx.o [1]
  .text              ro code  0x080048da     0x4  startup_stm32f407xx.o [1]
  .text              ro code  0x080048de     0x4  startup_stm32f407xx.o [1]
  .text              ro code  0x080048e2     0x4  startup_stm32f407xx.o [1]
  .text              ro code  0x080048e6     0x4  startup_stm32f407xx.o [1]
  .text              ro code  0x080048ea     0x4  startup_stm32f407xx.o [1]
  .text              ro code  0x080048ee     0x4  startup_stm32f407xx.o [1]
  .text              ro code  0x080048f2     0x4  startup_stm32f407xx.o [1]
  .text              ro code  0x080048f6     0x4  startup_stm32f407xx.o [1]
  .text              ro code  0x080048fa     0x4  startup_stm32f407xx.o [1]
  .text              ro code  0x080048fe     0x4  startup_stm32f407xx.o [1]
  .text              ro code  0x08004902     0x4  startup_stm32f407xx.o [1]
  .text              ro code  0x08004906     0x4  startup_stm32f407xx.o [1]
  .text              ro code  0x0800490a     0x4  startup_stm32f407xx.o [1]
  .text              ro code  0x0800490e     0x4  startup_stm32f407xx.o [1]
  .text              ro code  0x08004912     0x4  startup_stm32f407xx.o [1]
  .text              ro code  0x08004916     0x4  startup_stm32f407xx.o [1]
  .text              ro code  0x0800491a     0x4  startup_stm32f407xx.o [1]
  .text              ro code  0x0800491e     0x4  startup_stm32f407xx.o [1]
  .text              ro code  0x08004922     0x4  startup_stm32f407xx.o [1]
  .text              ro code  0x08004926     0x4  startup_stm32f407xx.o [1]
  .text              ro code  0x0800492a     0x4  startup_stm32f407xx.o [1]
  .text              ro code  0x0800492e     0x4  startup_stm32f407xx.o [1]
  .text              ro code  0x08004932     0x4  startup_stm32f407xx.o [1]
  .text              ro code  0x08004936     0x4  startup_stm32f407xx.o [1]
  .text              ro code  0x0800493a     0x4  startup_stm32f407xx.o [1]
  .text              ro code  0x0800493e     0x4  startup_stm32f407xx.o [1]
  .text              ro code  0x08004942     0x4  startup_stm32f407xx.o [1]
  .rodata            const    0x08004946     0x0  zero_init3.o [5]
  .rodata            const    0x08004946     0x0  packbits_init_single.o [5]
  Initializer bytes  const    0x08004946    0x5f  <for P2-1>
                            - 0x080049a5  0x481d

"P2", part 1 of 3:                         0x13c
  P2-1                        0x20000000   0x13c  <Init block>
    .data            inited   0x20000000    0xac  main.o [1]
    .data            inited   0x200000ac     0xc  stm32f4xx_hal.o [1]
    .data            inited   0x200000b8     0x4  system_stm32f4xx.o [1]
    .data            inited   0x200000bc    0x38  xlocale_c.o [3]
    .data            inited   0x200000f4    0x48  xlocale_c.o [3]
                            - 0x2000013c   0x13c

"P2", part 2 of 3:                         0x320
  .bss               zero     0x2000013c    0xdc  main.o [1]
  .bss               zero     0x20000218    0x60  main.o [1]
  .bss               zero     0x20000278    0x60  main.o [1]
  .bss               zero     0x200002d8    0x60  main.o [1]
  .bss               zero     0x20000338    0x60  main.o [1]
  .bss               zero     0x20000398    0x60  main.o [1]
  .bss               zero     0x200003f8    0x60  main.o [1]
  .bss               zero     0x20000458     0x4  xfail_s.o [3]
                            - 0x2000045c   0x320

"P2", part 3 of 3:                         0x400
  CSTACK                      0x20000460   0x400  <Block>
    CSTACK           uninit   0x20000460   0x400  <Block tail>
                            - 0x20000860   0x400


*******************************************************************************
*** INIT TABLE
***

          Address     Size
          -------     ----
Zero (__iar_zero_init3)
    1 destination range, total size 0x320:
          0x2000013c  0x320

Copy/packbits (__iar_packbits_init_single3)
    1 source range, total size 0x5f (30% of destination):
          0x08004946   0x5f
    1 destination range, total size 0x13c:
          0x20000000  0x13c



*******************************************************************************
*** MODULE SUMMARY
***

    Module                  ro code  ro data  rw data
    ------                  -------  -------  -------
C:\Users\Third\Desktop\New Folder\407ve\EWARM\407ve\Obj: [1]
    main.o                      948       51      968
    startup_stm32f407xx.o       696
    stm32f4xx_hal.o             184        4       12
    stm32f4xx_hal_cortex.o      200
    stm32f4xx_hal_dma.o         888
    stm32f4xx_hal_gpio.o        480
    stm32f4xx_hal_msp.o         828
    stm32f4xx_hal_rcc.o       1 168
    stm32f4xx_hal_sd.o        2 160
    stm32f4xx_hal_spi.o         390
    stm32f4xx_hal_uart.o      1 516
    stm32f4xx_it.o              112
    stm32f4xx_ll_sdmmc.o      1 236
    system_stm32f4xx.o           96        9        4
    -------------------------------------------------
    Total:                   10 902       64      984

command line: [2]
    -------------------------------------------------
    Total:

dl7M_tlf.a: [3]
    abort.o                       6
    exit.o                        4
    low_level_init.o              4
    sprintf.o                    64
    xencoding_8859_1.o           30
    xfail_s.o                    64                 4
    xlocale_c.o                 116       45      128
    xmbcurmax.o                  10
    xprintffull.o             3 990
    xsprout.o                    10
    -------------------------------------------------
    Total:                    4 298       45      132

m7M_tls.a: [4]
    DblAdd.o                    360
    DblCmpGe.o                   46
    DblCmpLe.o                   46
    DblDiv.o                    582
    DblMul.o                    418
    DblSub.o                    226
    DblToS32.o                   58
    DblToU32.o                   40
    S32ToDbl.o                   34
    U32ToDbl.o                   26
    fpinit_M.o                   34
    frexp.o                     112
    ldexp.o                     314
    -------------------------------------------------
    Total:                    2 296

rt7M_tl.a: [5]
    ABImemclr4.o                  6
    ABImemcpy.o                 166
    ABImemset48.o                50
    I64DivMod.o                 558
    I64DivZer.o                   2
    cexit.o                      10
    cmain.o                      30
    cstartup_M.o                 12
    data_init.o                  40
    memchr.o                     88
    packbits_init_single.o       56
    strchr.o                     22
    strlen.o                     54
    zero_init3.o                 64
    -------------------------------------------------
    Total:                    1 158

shb_l.a: [6]
    exit.o                       20
    -------------------------------------------------
    Total:                       20

    Gaps                         36        2
    Linker created                        32    1 024
-----------------------------------------------------
    Grand Total:             18 710      143    2 140


*******************************************************************************
*** ENTRY LIST
***

Entry                      Address   Size  Type      Object
-----                      -------   ----  ----      ------
.iar.init_table$$Base   0x080047a8          --   Gb  - Linker created -
.iar.init_table$$Limit  0x080047c8          --   Gb  - Linker created -
?main                   0x080047c9         Code  Gb  cmain.o [5]
AHBPrescTable           0x080046d4   0x10  Data  Gb  system_stm32f4xx.o [1]
APBPrescTable           0x08004818    0x8  Data  Gb  system_stm32f4xx.o [1]
BusFault_Handler        0x0800460b    0x2  Code  Gb  stm32f4xx_it.o [1]
CSTACK$$Base            0x20000460          --   Gb  - Linker created -
CSTACK$$Limit           0x20000860          --   Gb  - Linker created -
CacheMore               0x08001141   0x24  Code  Lc  xlocale_c.o [3]
DMA1_Stream0_IRQHandler
                        0x08004619    0x6  Code  Gb  stm32f4xx_it.o [1]
DMA1_Stream5_IRQHandler
                        0x0800461f    0x6  Code  Gb  stm32f4xx_it.o [1]
DMA2_Stream2_IRQHandler
                        0x08004637    0x6  Code  Gb  stm32f4xx_it.o [1]
DMA2_Stream3_IRQHandler
                        0x0800463d    0x6  Code  Gb  stm32f4xx_it.o [1]
DMA2_Stream6_IRQHandler
                        0x08004643    0x6  Code  Gb  stm32f4xx_it.o [1]
DMA2_Stream7_IRQHandler
                        0x08004649    0x6  Code  Gb  stm32f4xx_it.o [1]
DMA_CalcBaseAndBitshift
                        0x08003279   0x28  Code  Lc  stm32f4xx_hal_dma.o [1]
DMA_CalcBaseAndBitshift::flagBitshiftOffset
                        0x080032a0    0x8  Data  Lc  stm32f4xx_hal_dma.o [1]
DMA_SetConfig           0x08003259   0x20  Code  Lc  stm32f4xx_hal_dma.o [1]
DMA_Usart_Send          0x0800349d   0x20  Code  Gb  main.o [1]
DebugMon_Handler        0x08004611    0x2  Code  Gb  stm32f4xx_it.o [1]
Error_Handler           0x08003795    0x2  Code  Gb  main.o [1]
HAL_DMA_Abort_IT        0x08003081   0x24  Code  Gb  stm32f4xx_hal_dma.o [1]
HAL_DMA_IRQHandler      0x080030a5  0x188  Code  Gb  stm32f4xx_hal_dma.o [1]
HAL_DMA_Init            0x08002f31   0xe6  Code  Gb  stm32f4xx_hal_dma.o [1]
HAL_DMA_Start_IT        0x08003017   0x6a  Code  Gb  stm32f4xx_hal_dma.o [1]
HAL_Delay               0x08002f01   0x28  Code  Wk  stm32f4xx_hal.o [1]
HAL_GPIO_Init           0x080032b5  0x1b2  Code  Gb  stm32f4xx_hal_gpio.o [1]
HAL_GetTick             0x080032a9    0xc  Code  Wk  stm32f4xx_hal.o [1]
HAL_IncTick             0x08004675   0x10  Code  Wk  stm32f4xx_hal.o [1]
HAL_Init                0x080040e1   0x30  Code  Gb  stm32f4xx_hal.o [1]
HAL_InitTick            0x080045c1   0x40  Code  Wk  stm32f4xx_hal.o [1]
HAL_MspInit             0x080026f1   0x36  Code  Gb  stm32f4xx_hal_msp.o [1]
HAL_NVIC_EnableIRQ      0x080038bb    0xa  Code  Gb  stm32f4xx_hal_cortex.o [1]
HAL_NVIC_SetPriority    0x08003881   0x3a  Code  Gb  stm32f4xx_hal_cortex.o [1]
HAL_NVIC_SetPriorityGrouping
                        0x08003867   0x1a  Code  Gb  stm32f4xx_hal_cortex.o [1]
HAL_RCC_ClockConfig     0x08003f01   0xfe  Code  Gb  stm32f4xx_hal_rcc.o [1]
HAL_RCC_GetPCLK1Freq    0x0800400b   0x10  Code  Gb  stm32f4xx_hal_rcc.o [1]
HAL_RCC_GetPCLK2Freq    0x0800401b    0xe  Code  Gb  stm32f4xx_hal_rcc.o [1]
HAL_RCC_GetSysClockFreq
                        0x08004049   0x58  Code  Wk  stm32f4xx_hal_rcc.o [1]
HAL_RCC_OscConfig       0x08004299  0x2f0  Code  Wk  stm32f4xx_hal_rcc.o [1]
HAL_SD_ConfigWideBusOperation
                        0x0800229f  0x10a  Code  Gb  stm32f4xx_hal_sd.o [1]
HAL_SD_GetCardCSD       0x080020d3  0x1cc  Code  Gb  stm32f4xx_hal_sd.o [1]
HAL_SD_GetCardState     0x080023b3   0x26  Code  Gb  stm32f4xx_hal_sd.o [1]
HAL_SD_IRQHandler       0x08001f2b  0x176  Code  Gb  stm32f4xx_hal_sd.o [1]
HAL_SD_Init             0x08001e89   0x34  Code  Gb  stm32f4xx_hal_sd.o [1]
HAL_SD_InitCard         0x08001ebd   0x66  Code  Gb  stm32f4xx_hal_sd.o [1]
HAL_SD_MspInit          0x08002727   0xe8  Code  Gb  stm32f4xx_hal_msp.o [1]
HAL_SPI_IRQHandler      0x08004199   0xf4  Code  Gb  stm32f4xx_hal_spi.o [1]
HAL_SPI_Init            0x08004115   0x78  Code  Gb  stm32f4xx_hal_spi.o [1]
HAL_SPI_MspInit         0x08002839   0xae  Code  Gb  stm32f4xx_hal_msp.o [1]
HAL_SYSTICK_Config      0x080038cf   0x28  Code  Gb  stm32f4xx_hal_cortex.o [1]
HAL_UART_IRQHandler     0x08003aa7  0x152  Code  Gb  stm32f4xx_hal_uart.o [1]
HAL_UART_Init           0x08003919   0x1e  Code  Gb  stm32f4xx_hal_uart.o [1]
HAL_UART_MspInit        0x0800291f   0xb0  Code  Gb  stm32f4xx_hal_msp.o [1]
HAL_UART_Receive_DMA    0x08003a09   0x92  Code  Gb  stm32f4xx_hal_uart.o [1]
HAL_UART_RxCpltCallback
                        0x080034bd   0x20  Code  Gb  main.o [1]
HAL_UART_Transmit_DMA   0x08003991   0x78  Code  Gb  stm32f4xx_hal_uart.o [1]
HAL_UART_TxCpltCallback
                        0x08003495    0x8  Code  Gb  main.o [1]
HardFault_Handler       0x08004607    0x2  Code  Gb  stm32f4xx_it.o [1]
LoadInt                 0x08000377   0x7a  Code  Lc  xprintffull.o [3]
MemManage_Handler       0x08004609    0x2  Code  Gb  stm32f4xx_it.o [1]
NMI_Handler             0x08004605    0x2  Code  Gb  stm32f4xx_it.o [1]
NVIC_SetPriority        0x08003849   0x1e  Code  Lc  stm32f4xx_hal_cortex.o [1]
PendSV_Handler          0x08004613    0x2  Code  Gb  stm32f4xx_it.o [1]
Region$$Table$$Base     0x080047a8          --   Gb  - Linker created -
Region$$Table$$Limit    0x080047c8          --   Gb  - Linker created -
SDIO_ConfigData         0x08002aab   0x24  Code  Gb  stm32f4xx_ll_sdmmc.o [1]
SDIO_GetPowerState      0x08002a6d    0x8  Code  Gb  stm32f4xx_ll_sdmmc.o [1]
SDIO_GetResponse        0x08002a97   0x14  Code  Gb  stm32f4xx_ll_sdmmc.o [1]
SDIO_IRQHandler         0x0800462b    0x6  Code  Gb  stm32f4xx_it.o [1]
SDIO_Init               0x08002a2d   0x2a  Code  Gb  stm32f4xx_ll_sdmmc.o [1]
SDIO_PowerState_ON      0x08002a63    0x4  Code  Gb  stm32f4xx_ll_sdmmc.o [1]
SDIO_ReadFIFO           0x08002a57    0x2  Code  Gb  stm32f4xx_ll_sdmmc.o [1]
SDIO_SendCommand        0x08002a75   0x22  Code  Gb  stm32f4xx_ll_sdmmc.o [1]
SDIO_WriteFIFO          0x08002a59    0xa  Code  Gb  stm32f4xx_ll_sdmmc.o [1]
SDMMC_CmdAppCommand     0x08002bf7   0x14  Code  Gb  stm32f4xx_ll_sdmmc.o [1]
SDMMC_CmdAppOperCommand
                        0x08002c0b   0x16  Code  Gb  stm32f4xx_ll_sdmmc.o [1]
SDMMC_CmdBlockLength    0x08002ad5   0x14  Code  Gb  stm32f4xx_ll_sdmmc.o [1]
SDMMC_CmdBusWidth       0x08002c21    0x4  Code  Gb  stm32f4xx_ll_sdmmc.o [1]
SDMMC_CmdGoIdleState    0x08002b59   0x3e  Code  Gb  stm32f4xx_ll_sdmmc.o [1]
SDMMC_CmdOperCond       0x08002b97   0x48  Code  Gb  stm32f4xx_ll_sdmmc.o [1]
SDMMC_CmdSelDesel       0x08002b2d   0x1c  Code  Gb  stm32f4xx_ll_sdmmc.o [1]
SDMMC_CmdSendCID        0x08002c43   0x12  Code  Gb  stm32f4xx_ll_sdmmc.o [1]
SDMMC_CmdSendCSD        0x08002c65   0x12  Code  Gb  stm32f4xx_ll_sdmmc.o [1]
SDMMC_CmdSendSCR        0x08002c25   0x16  Code  Gb  stm32f4xx_ll_sdmmc.o [1]
SDMMC_CmdSendStatus     0x08002d13   0x14  Code  Gb  stm32f4xx_ll_sdmmc.o [1]
SDMMC_CmdSetRelAdd      0x08002c85   0x8e  Code  Gb  stm32f4xx_ll_sdmmc.o [1]
SDMMC_CmdStopTransfer   0x08002b01   0x16  Code  Gb  stm32f4xx_ll_sdmmc.o [1]
SDMMC_GetCmdResp1       0x08002d4f  0x118  Code  Lc  stm32f4xx_ll_sdmmc.o [1]
SDMMC_GetCmdResp2       0x08002e67   0x3e  Code  Lc  stm32f4xx_ll_sdmmc.o [1]
SDMMC_GetCmdResp3       0x08002ea5   0x34  Code  Lc  stm32f4xx_ll_sdmmc.o [1]
SD_DMARxAbort           0x08002449   0x38  Code  Lc  stm32f4xx_hal_sd.o [1]
SD_DMATxAbort           0x08002411   0x38  Code  Lc  stm32f4xx_hal_sd.o [1]
SD_FindSCR              0x080025ff   0xdc  Code  Lc  stm32f4xx_hal_sd.o [1]
SD_InitCard             0x08002497   0xc4  Code  Lc  stm32f4xx_hal_sd.o [1]
SD_PowerON              0x0800256b   0x94  Code  Lc  stm32f4xx_hal_sd.o [1]
SPI3_IRQHandler         0x08004631    0x6  Code  Gb  stm32f4xx_it.o [1]
SPI_DMAAbortOnError     0x0800428d    0xc  Code  Lc  stm32f4xx_hal_spi.o [1]
SVC_Handler             0x0800460f    0x2  Code  Gb  stm32f4xx_it.o [1]
SysTick_Handler         0x08004615    0x4  Code  Gb  stm32f4xx_it.o [1]
SystemClock_Config      0x080036df   0x90  Code  Gb  main.o [1]
SystemCoreClock         0x200000b8    0x4  Data  Gb  system_stm32f4xx.o [1]
SystemInit              0x08004685   0x3a  Code  Gb  system_stm32f4xx.o [1]
UART_DMAAbortOnError    0x08003ce5    0xc  Code  Lc  stm32f4xx_hal_uart.o [1]
UART_DMAError           0x08003c6d   0x4a  Code  Lc  stm32f4xx_hal_uart.o [1]
UART_DMAReceiveCplt     0x08003c2d   0x38  Code  Lc  stm32f4xx_hal_uart.o [1]
UART_DMARxHalfCplt      0x08003c65    0x6  Code  Lc  stm32f4xx_hal_uart.o [1]
UART_DMATransmitCplt    0x08003bf9   0x2a  Code  Lc  stm32f4xx_hal_uart.o [1]
UART_DMATxHalfCplt      0x08003c25    0x6  Code  Lc  stm32f4xx_hal_uart.o [1]
UART_EndRxTransfer      0x08003cc9   0x1c  Code  Lc  stm32f4xx_hal_uart.o [1]
UART_EndTxTransfer      0x08003cb7   0x12  Code  Lc  stm32f4xx_hal_uart.o [1]
UART_Receive_IT         0x08003cf1   0x8c  Code  Lc  stm32f4xx_hal_uart.o [1]
UART_SetConfig          0x08003d7d  0x13a  Code  Lc  stm32f4xx_hal_uart.o [1]
USART1_IRQHandler       0x08004625    0x6  Code  Gb  stm32f4xx_it.o [1]
UsageFault_Handler      0x0800460d    0x2  Code  Gb  stm32f4xx_it.o [1]
_Encoding_8859_1_Mbrlen
                        0x08001131    0x2  Code  Gb  xencoding_8859_1.o [3]
_Encoding_8859_1_Wctomb
                        0x0800111f   0x12  Code  Gb  xencoding_8859_1.o [3]
_GenldFull              0x08000df9  0x274  Code  Lc  xprintffull.o [3]
_LdtobFull              0x080009cd  0x3fe  Code  Lc  xprintffull.o [3]
_LitobFull              0x08000875  0x112  Code  Lc  xprintffull.o [3]
_Locale_lconv           0x200000bc   0x38  Data  Lc  xlocale_c.o [3]
_PrintfFull             0x08000189  0x1d6  Code  Gb  xprintffull.o [3]
_PutcharsFull           0x0800106d   0x2e  Code  Lc  xprintffull.o [3]
_PutfldFull             0x080003f1  0x2d0  Code  Lc  xprintffull.o [3]
_PutstrFull             0x080007b7   0xbe  Code  Lc  xprintffull.o [3]
_PuttxtFull             0x080006c1   0xf6  Code  Lc  xprintffull.o [3]
_SProut                 0x080011c7    0xa  Code  Gb  xsprout.o [3]
__aeabi_cdcmple         0x08001799         Code  Gb  DblCmpLe.o [4]
__aeabi_cdrcmple        0x080017c9         Code  Gb  DblCmpGe.o [4]
__aeabi_d2iz            0x08001935         Code  Gb  DblToS32.o [4]
__aeabi_d2uiz           0x08001cc1         Code  Gb  DblToU32.o [4]
__aeabi_ddiv            0x08001a79         Code  Gb  DblDiv.o [4]
__aeabi_dmul            0x08001585         Code  Gb  DblMul.o [4]
__aeabi_dsub            0x08001995         Code  Gb  DblSub.o [4]
__aeabi_i2d             0x08001971         Code  Gb  S32ToDbl.o [4]
__aeabi_ldiv0           0x08001d09         Code  Gb  I64DivZer.o [5]
__aeabi_memclr4         0x08003911         Code  Gb  ABImemclr4.o [5]
__aeabi_memcpy          0x080012ad         Code  Gb  ABImemcpy.o [5]
__aeabi_memcpy4         0x080012cd         Code  Gb  ABImemcpy.o [5]
__aeabi_memcpy8         0x080012cd         Code  Gb  ABImemcpy.o [5]
__aeabi_ui2d            0x08001ce9         Code  Gb  U32ToDbl.o [4]
__aeabi_uldivmod        0x08001355         Code  Gb  I64DivMod.o [5]
__cmain                 0x080047c9         Code  Gb  cmain.o [5]
__exit                  0x08001e75   0x14  Code  Gb  exit.o [6]
__iar_Fail_s            0x080011d1   0x1c  Code  Gb  xfail_s.o [3]
__iar_Mbcurmax          0x080012a1    0xa  Code  Gb  xmbcurmax.o [3]
__iar_Memchr            0x08001249         Code  Gb  memchr.o [5]
__iar_Memset4_word      0x08004589         Code  Gb  ABImemset48.o [5]
__iar_Memset8_word      0x08004589         Code  Gb  ABImemset48.o [5]
__iar_Strchr            0x080011b1         Code  Gb  strchr.o [5]
__iar_dadd              0x080019a5         Code  Gb  DblSub.o [4]
__iar_data_init3        0x0800475d   0x28  Code  Gb  data_init.o [5]
__iar_dsub              0x08001d0d         Code  Gb  DblAdd.o [4]
__iar_dsubStart         0x08001d1f         Code  Gb  DblAdd.o [4]
__iar_frexp             0x08001735         Code  Gb  frexp.o [4]
__iar_frexpl            0x08001735         Code  Gb  frexp.o [4]
__iar_globLocale        0x200000f4   0x48  Data  Lc  xlocale_c.o [3]
__iar_global_Locale     0x0800113d    0x4  Code  Gb  xlocale_c.o [3]
__iar_init_vfp          0x08004785         Code  Gb  fpinit_M.o [4]
__iar_ldexp64           0x080017f9         Code  Gb  ldexp.o [4]
__iar_packbits_init_single3
                        0x08004725   0x38  Code  Gb  packbits_init_single.o [5]
__iar_program_start     0x0800480d         Code  Gb  cstartup_M.o [5]
__iar_scalbln64         0x080017f9         Code  Gb  ldexp.o [4]
__iar_scalbn64          0x080017f9         Code  Gb  ldexp.o [4]
__iar_softfp___iar_frexp64
                        0x08001729         Code  Gb  frexp.o [4]
__iar_softfp_frexp      0x08001729         Code  Gb  frexp.o [4]
__iar_softfp_frexpl     0x08001729         Code  Gb  frexp.o [4]
__iar_systems$$module {Abs}
                        0x00000001         Data  Gb  command line/config [2]
__iar_zero_init3        0x080046e5   0x40  Code  Gb  zero_init3.o [5]
__low_level_init        0x080047e7    0x4  Code  Gb  low_level_init.o [3]
__vector_table          0x08000000         Data  Gb  startup_stm32f407xx.o [1]
_call_main              0x080047d5         Code  Gb  cmain.o [5]
_exit                   0x080047f1         Code  Gb  cexit.o [5]
_gLocale_mblen          0x0800119d    0x4  Code  Gb  xlocale_c.o [3]
_gLocale_mblenInt       0x08001165   0x34  Code  Gb  xlocale_c.o [3]
_gLocale_wctomb         0x080011a1    0x4  Code  Gb  xlocale_c.o [3]
_gLocale_wctombInt      0x08001199    0x4  Code  Gb  xlocale_c.o [3]
_main                   0x080047e3         Code  Gb  cmain.o [5]
abort                   0x08001d03    0x6  Code  Gb  abort.o [3]
exit                    0x080047eb    0x4  Code  Gb  exit.o [3]
hdma_sdio_rx            0x20000218   0x60  Data  Gb  main.o [1]
hdma_sdio_tx            0x20000278   0x60  Data  Gb  main.o [1]
hdma_spi3_rx            0x200002d8   0x60  Data  Gb  main.o [1]
hdma_spi3_tx            0x20000338   0x60  Data  Gb  main.o [1]
hdma_usart1_rx          0x20000398   0x60  Data  Gb  main.o [1]
hdma_usart1_tx          0x200003f8   0x60  Data  Gb  main.o [1]
hsd                     0x20000194   0x84  Data  Gb  main.o [1]
hspi3                   0x2000013c   0x58  Data  Gb  main.o [1]
huart1                  0x20000004   0x40  Data  Gb  main.o [1]
ldexp                   0x080017f9         Code  Gb  ldexp.o [4]
ldexpl                  0x080017f9         Code  Gb  ldexp.o [4]
localeconv              0x080011a5    0x4  Code  Gb  xlocale_c.o [3]
main                    0x08003541  0x184  Code  Gb  main.o [1]
memchr                  0x08001249         Code  Gb  memchr.o [5]
print_rcc_freq_info     0x080034dd   0x5c  Code  Gb  main.o [1]
rx_buffer               0x20000044    0x2  Data  Gb  main.o [1]
scalbln                 0x080017f9         Code  Gb  ldexp.o [4]
scalblnl                0x080017f9         Code  Gb  ldexp.o [4]
scalbn                  0x080017f9         Code  Gb  ldexp.o [4]
scalbnl                 0x080017f9         Code  Gb  ldexp.o [4]
scale                   0x08000987   0x46  Code  Lc  xprintffull.o [3]
sec_hand                0x20000458    0x4  Data  Lc  xfail_s.o [3]
sprintf                 0x080040a1   0x40  Code  Gb  sprintf.o [3]
str                     0x20000048   0x64  Data  Lc  main.o [1]
strchr                  0x080011b1         Code  Gb  strchr.o [5]
strlen                  0x08001211         Code  Gb  strlen.o [5]
usart1_send_complete_flag
                        0x20000000    0x1  Data  Gb  main.o [1]
uwTick                  0x200000b0    0x4  Data  Gb  stm32f4xx_hal.o [1]
uwTickFreq              0x200000ac    0x1  Data  Gb  stm32f4xx_hal.o [1]
uwTickPrio              0x200000b4    0x4  Data  Gb  stm32f4xx_hal.o [1]


[1] = C:\Users\Third\Desktop\New Folder\407ve\EWARM\407ve\Obj
[2] = command line
[3] = dl7M_tlf.a
[4] = m7M_tls.a
[5] = rt7M_tl.a
[6] = shb_l.a

  18 710 bytes of readonly  code memory
     143 bytes of readonly  data memory
   2 140 bytes of readwrite data memory

Errors: none
Warnings: none
